
[TestSplitBy_7D1D - 1]
[]retention.Backup{
    {name:"backup1", relativeTime:86400},
    {name:"backup2", relativeTime:172800},
    {name:"backup3", relativeTime:259200},
    {name:"backup4", relativeTime:345600},
    {name:"backup5", relativeTime:432000},
    {name:"backup6", relativeTime:1296000},
    {name:"backup7", relativeTime:1382400},
}
[]retention.Backup(nil)
nil
---

[TestSplitBy_7D7D - 1]
[]retention.Backup{
    {name:"backup1", relativeTime:86400},
    {name:"backup6", relativeTime:1296000},
    {name:"backup7", relativeTime:1382400},
}
[]retention.Backup{
    {name:"backup2", relativeTime:172800},
    {name:"backup3", relativeTime:259200},
    {name:"backup4", relativeTime:345600},
    {name:"backup5", relativeTime:432000},
}
nil
---

[TestSplitBy_7D1D_2 - 1]
[]retention.Backup{
    {name:"backup1", relativeTime:172800},
    {name:"backup2", relativeTime:259200},
    {name:"backup3", relativeTime:345600},
    {name:"backup4", relativeTime:432000},
    {name:"backup5", relativeTime:518400},
    {name:"backup6", relativeTime:1382400},
    {name:"backup7", relativeTime:1468800},
}
[]retention.Backup(nil)
nil
---

[TestSplitBy_7D1D_3 - 1]
[]retention.Backup{
    {name:"backup1", relativeTime:259200},
    {name:"backup2", relativeTime:345600},
    {name:"backup3", relativeTime:432000},
    {name:"backup4", relativeTime:518400},
    {name:"backup6", relativeTime:1468800},
    {name:"backup7", relativeTime:1555200},
}
[]retention.Backup(nil)
nil
---

[TestSplitBy_7D1D_4 - 1]
[]retention.Backup{
    {name:"backup1", relativeTime:345600},
    {name:"backup2", relativeTime:432000},
    {name:"backup3", relativeTime:518400},
    {name:"backup5", relativeTime:691200},
    {name:"backup6", relativeTime:1555200},
    {name:"backup7", relativeTime:1641600},
}
[]retention.Backup(nil)
nil
---
